// Jest Snapshot v1, https://goo.gl/fbAQLP

exports[`Rendering Renders the main page 1`] = `
<DocumentFragment>
  <img
    alt="logo"
    class="logo"
    src="[object Object]"
  />
  <div>
    <button
      data-testid="config-button"
    >
      Select config file
    </button>
  </div>
</DocumentFragment>
`;
